This is TeX, Version 3.141592653 (TeX Live 2022/dev/Debian) (preloaded format=tex 2025.2.21)  1 MAR 2025 10:24
**test.tex
(./test.tex [1] )
Output written on test.dvi (1 page, 460 bytes).
