This is TeX, Version 3.141592653 (TeX Live 2022/dev/Debian) (preloaded format=tex 2025.2.21)  28 FEB 2025 20:10
**test/test.tex
(./test/test.tex [1] )
Output written on test.dvi (1 page, 368 bytes).
